2026-04-15 14:41:22,681 INFO o.a.j.u.JMeterUtils: Setting Locale to en_EN
2026-04-15 14:41:22,692 INFO o.a.j.JMeter: Loading user properties from: /Users/naveendxavi/tools/jmeter-5.6.3/bin/user.properties
2026-04-15 14:41:22,692 INFO o.a.j.JMeter: Loading system properties from: /Users/naveendxavi/tools/jmeter-5.6.3/bin/system.properties
2026-04-15 14:41:22,696 INFO o.a.j.JMeter: Copyright (c) 1998-2024 The Apache Software Foundation
2026-04-15 14:41:22,696 INFO o.a.j.JMeter: Version 5.6.3
2026-04-15 14:41:22,696 INFO o.a.j.JMeter: java.version=26
2026-04-15 14:41:22,697 INFO o.a.j.JMeter: java.vm.name=OpenJDK 64-Bit Server VM
2026-04-15 14:41:22,697 INFO o.a.j.JMeter: os.name=Mac OS X
2026-04-15 14:41:22,697 INFO o.a.j.JMeter: os.arch=aarch64
2026-04-15 14:41:22,697 INFO o.a.j.JMeter: os.version=26.1
2026-04-15 14:41:22,697 INFO o.a.j.JMeter: file.encoding=UTF-8
2026-04-15 14:41:22,697 INFO o.a.j.JMeter: java.awt.headless=null
2026-04-15 14:41:22,697 INFO o.a.j.JMeter: Max memory     =1073741824
2026-04-15 14:41:22,697 INFO o.a.j.JMeter: Available Processors =8
2026-04-15 14:41:22,706 INFO o.a.j.JMeter: Default Locale=English (EN)
2026-04-15 14:41:22,706 INFO o.a.j.JMeter: JMeter  Locale=English (EN)
2026-04-15 14:41:22,706 INFO o.a.j.JMeter: JMeterHome=/Users/naveendxavi/tools/jmeter-5.6.3
2026-04-15 14:41:22,706 INFO o.a.j.JMeter: user.dir  =/Users/naveendxavi/Desktop/Naveen/p1/performance-testing-suite
2026-04-15 14:41:22,706 INFO o.a.j.JMeter: PWD       =/Users/naveendxavi/Desktop/Naveen/p1/performance-testing-suite
2026-04-15 14:41:22,709 INFO o.a.j.JMeter: IP: 127.0.0.1 Name: Nivass-MacBook-Air.local FullName: localhost
2026-04-15 14:41:22,715 INFO o.a.j.JMeter: Loaded icon properties from org/apache/jmeter/images/icon.properties
2026-04-15 14:41:23,104 INFO o.a.j.JMeterGuiLauncher: Setting LAF to: com.github.weisj.darklaf.DarkLaf:com.github.weisj.darklaf.theme.DarculaTheme
2026-04-15 14:41:41,793 INFO o.a.j.s.FileServer: Default base='/Users/naveendxavi/Desktop/Naveen/p1/performance-testing-suite'
2026-04-15 14:41:41,796 INFO o.a.j.g.a.Load: Loading file: /Users/naveendxavi/Desktop/Naveen/p1/performance-testing-suite/jmeter/test-plans/smoke-test.jmx
2026-04-15 14:41:41,796 INFO o.a.j.s.FileServer: Set new base='/Users/naveendxavi/Desktop/Naveen/p1/performance-testing-suite/jmeter/test-plans'
2026-04-15 14:41:41,925 INFO o.a.j.s.SaveService: Testplan (JMX) version: 2.2. Testlog (JTL) version: 2.2
2026-04-15 14:41:41,938 INFO o.a.j.s.SaveService: Using SaveService properties version 5.0
2026-04-15 14:41:41,939 INFO o.a.j.s.SaveService: Using SaveService properties file encoding UTF-8
2026-04-15 14:41:41,940 INFO o.a.j.s.SaveService: Loading file: /Users/naveendxavi/Desktop/Naveen/p1/performance-testing-suite/jmeter/test-plans/smoke-test.jmx
2026-04-15 14:41:41,951 INFO o.a.j.p.h.s.HTTPSamplerBase: Parser for text/html is org.apache.jmeter.protocol.http.parser.LagartoBasedHtmlParser
2026-04-15 14:41:41,951 INFO o.a.j.p.h.s.HTTPSamplerBase: Parser for application/xhtml+xml is org.apache.jmeter.protocol.http.parser.LagartoBasedHtmlParser
2026-04-15 14:41:41,951 INFO o.a.j.p.h.s.HTTPSamplerBase: Parser for application/xml is org.apache.jmeter.protocol.http.parser.LagartoBasedHtmlParser
2026-04-15 14:41:41,951 INFO o.a.j.p.h.s.HTTPSamplerBase: Parser for text/xml is org.apache.jmeter.protocol.http.parser.LagartoBasedHtmlParser
2026-04-15 14:41:41,951 INFO o.a.j.p.h.s.HTTPSamplerBase: Parser for text/vnd.wap.wml is org.apache.jmeter.protocol.http.parser.RegexpHTMLParser
2026-04-15 14:41:41,951 INFO o.a.j.p.h.s.HTTPSamplerBase: Parser for text/css is org.apache.jmeter.protocol.http.parser.CssParser
2026-04-15 14:41:41,952 INFO o.a.j.s.SampleResult: Note: Sample TimeStamps are START times
2026-04-15 14:41:41,952 INFO o.a.j.s.SampleResult: sampleresult.default.encoding is set to UTF-8
2026-04-15 14:41:41,952 INFO o.a.j.s.SampleResult: sampleresult.useNanoTime=true
2026-04-15 14:41:41,952 INFO o.a.j.s.SampleResult: sampleresult.nanoThreadSleep=5000
2026-04-15 14:41:42,028 INFO o.a.j.s.FileServer: Set new base='/Users/naveendxavi/Desktop/Naveen/p1/performance-testing-suite/jmeter/test-plans'
2026-04-15 14:41:45,889 INFO o.a.j.e.StandardJMeterEngine: Running the test!
2026-04-15 14:41:45,890 INFO o.a.j.s.SampleEvent: List of sample_variables: []
2026-04-15 14:41:45,890 INFO o.a.j.s.SampleEvent: List of sample_variables: []
2026-04-15 14:41:45,890 INFO o.a.j.e.u.CompoundVariable: Note: Function class names must contain the string: '.functions.'
2026-04-15 14:41:45,890 INFO o.a.j.e.u.CompoundVariable: Note: Function class names must not contain the string: '.gui.'
2026-04-15 14:41:45,921 INFO o.a.j.v.b.BackendListener: Backend Listener: Starting worker with class: class org.apache.jmeter.visualizers.backend.influxdb.InfluxdbBackendListenerClient and queue capacity: 5000
2026-04-15 14:41:45,922 INFO o.a.j.v.b.BackendListener: Backend Listener: Started  worker with class: class org.apache.jmeter.visualizers.backend.influxdb.InfluxdbBackendListenerClient
2026-04-15 14:41:46,027 INFO o.a.j.g.u.JMeterMenuBar: setRunning(true, *local*)
2026-04-15 14:41:46,057 INFO o.a.j.e.StandardJMeterEngine: Starting ThreadGroup: 1 : Thread Group
2026-04-15 14:41:46,057 INFO o.a.j.e.StandardJMeterEngine: Starting 10 threads for group Thread Group.
2026-04-15 14:41:46,057 INFO o.a.j.e.StandardJMeterEngine: Thread will continue on error
2026-04-15 14:41:46,057 INFO o.a.j.t.ThreadGroup: Starting thread group... number=1 threads=10 ramp-up=5 delayedStart=false
2026-04-15 14:41:46,058 INFO o.a.j.t.JMeterThread: Thread started: Thread Group 1-1
2026-04-15 14:41:46,059 INFO o.a.j.t.ThreadGroup: Started thread group number 1
2026-04-15 14:41:46,059 INFO o.a.j.e.StandardJMeterEngine: All thread groups have been started
2026-04-15 14:41:46,063 INFO o.a.j.p.h.s.HTTPHCAbstractImpl: Local host = Nivass-MacBook-Air.local
2026-04-15 14:41:46,065 INFO o.a.j.p.h.s.HTTPHC4Impl: HTTP request retry count = 0
2026-04-15 14:41:46,111 INFO o.a.j.t.JMeterThread: Thread is done: Thread Group 1-1
2026-04-15 14:41:46,111 INFO o.a.j.t.JMeterThread: Thread finished: Thread Group 1-1
2026-04-15 14:41:46,562 INFO o.a.j.t.JMeterThread: Thread started: Thread Group 1-2
2026-04-15 14:41:46,579 INFO o.a.j.t.JMeterThread: Thread is done: Thread Group 1-2
2026-04-15 14:41:46,579 INFO o.a.j.t.JMeterThread: Thread finished: Thread Group 1-2
2026-04-15 14:41:47,057 INFO o.a.j.t.JMeterThread: Thread started: Thread Group 1-3
2026-04-15 14:41:47,077 INFO o.a.j.t.JMeterThread: Thread is done: Thread Group 1-3
2026-04-15 14:41:47,077 INFO o.a.j.t.JMeterThread: Thread finished: Thread Group 1-3
2026-04-15 14:41:47,560 INFO o.a.j.t.JMeterThread: Thread started: Thread Group 1-4
2026-04-15 14:41:47,586 INFO o.a.j.t.JMeterThread: Thread is done: Thread Group 1-4
2026-04-15 14:41:47,586 INFO o.a.j.t.JMeterThread: Thread finished: Thread Group 1-4
2026-04-15 14:41:48,060 INFO o.a.j.t.JMeterThread: Thread started: Thread Group 1-5
2026-04-15 14:41:48,109 INFO o.a.j.t.JMeterThread: Thread is done: Thread Group 1-5
2026-04-15 14:41:48,109 INFO o.a.j.t.JMeterThread: Thread finished: Thread Group 1-5
2026-04-15 14:41:48,563 INFO o.a.j.t.JMeterThread: Thread started: Thread Group 1-6
2026-04-15 14:41:48,589 INFO o.a.j.t.JMeterThread: Thread is done: Thread Group 1-6
2026-04-15 14:41:48,589 INFO o.a.j.t.JMeterThread: Thread finished: Thread Group 1-6
2026-04-15 14:41:49,063 INFO o.a.j.t.JMeterThread: Thread started: Thread Group 1-7
2026-04-15 14:41:49,087 INFO o.a.j.t.JMeterThread: Thread is done: Thread Group 1-7
2026-04-15 14:41:49,087 INFO o.a.j.t.JMeterThread: Thread finished: Thread Group 1-7
2026-04-15 14:41:49,563 INFO o.a.j.t.JMeterThread: Thread started: Thread Group 1-8
2026-04-15 14:41:49,587 INFO o.a.j.t.JMeterThread: Thread is done: Thread Group 1-8
2026-04-15 14:41:49,588 INFO o.a.j.t.JMeterThread: Thread finished: Thread Group 1-8
2026-04-15 14:41:50,058 INFO o.a.j.t.JMeterThread: Thread started: Thread Group 1-9
2026-04-15 14:41:50,080 INFO o.a.j.t.JMeterThread: Thread is done: Thread Group 1-9
2026-04-15 14:41:50,080 INFO o.a.j.t.JMeterThread: Thread finished: Thread Group 1-9
2026-04-15 14:41:50,558 INFO o.a.j.t.JMeterThread: Thread started: Thread Group 1-10
2026-04-15 14:41:50,583 INFO o.a.j.t.JMeterThread: Thread is done: Thread Group 1-10
2026-04-15 14:41:50,583 INFO o.a.j.t.JMeterThread: Thread finished: Thread Group 1-10
2026-04-15 14:41:50,584 INFO o.a.j.e.StandardJMeterEngine: Notifying test listeners of end of test
2026-04-15 14:41:50,585 INFO o.a.j.v.b.BackendListener: Worker ended
2026-04-15 14:41:50,590 INFO o.a.j.v.b.i.InfluxdbBackendListenerClient: Sending last metrics to InfluxDB
2026-04-15 14:41:50,601 INFO o.a.j.v.b.i.HttpMetricsSender: Destroying 
2026-04-15 14:41:50,615 INFO o.a.j.g.u.JMeterMenuBar: setRunning(false, *local*)
2026-04-15 14:42:08,366 INFO o.a.j.e.StandardJMeterEngine: Running the test!
2026-04-15 14:42:08,367 INFO o.a.j.s.SampleEvent: List of sample_variables: []
2026-04-15 14:42:08,368 INFO o.a.j.v.b.BackendListener: Backend Listener: Starting worker with class: class org.apache.jmeter.visualizers.backend.influxdb.InfluxdbBackendListenerClient and queue capacity: 5000
2026-04-15 14:42:08,368 INFO o.a.j.v.b.BackendListener: Backend Listener: Started  worker with class: class org.apache.jmeter.visualizers.backend.influxdb.InfluxdbBackendListenerClient
2026-04-15 14:42:08,370 INFO o.a.j.g.u.JMeterMenuBar: setRunning(true, *local*)
2026-04-15 14:42:08,398 INFO o.a.j.e.StandardJMeterEngine: Starting ThreadGroup: 1 : Thread Group
2026-04-15 14:42:08,398 INFO o.a.j.e.StandardJMeterEngine: Starting 10 threads for group Thread Group.
2026-04-15 14:42:08,399 INFO o.a.j.e.StandardJMeterEngine: Thread will continue on error
2026-04-15 14:42:08,399 INFO o.a.j.t.ThreadGroup: Starting thread group... number=1 threads=10 ramp-up=5 delayedStart=false
2026-04-15 14:42:08,399 INFO o.a.j.t.JMeterThread: Thread started: Thread Group 1-1
2026-04-15 14:42:08,401 INFO o.a.j.t.ThreadGroup: Started thread group number 1
2026-04-15 14:42:08,401 INFO o.a.j.e.StandardJMeterEngine: All thread groups have been started
2026-04-15 14:42:08,414 INFO o.a.j.t.JMeterThread: Thread is done: Thread Group 1-1
2026-04-15 14:42:08,414 INFO o.a.j.t.JMeterThread: Thread finished: Thread Group 1-1
2026-04-15 14:42:08,904 INFO o.a.j.t.JMeterThread: Thread started: Thread Group 1-2
2026-04-15 14:42:08,931 INFO o.a.j.t.JMeterThread: Thread is done: Thread Group 1-2
2026-04-15 14:42:08,931 INFO o.a.j.t.JMeterThread: Thread finished: Thread Group 1-2
2026-04-15 14:42:09,405 INFO o.a.j.t.JMeterThread: Thread started: Thread Group 1-3
2026-04-15 14:42:09,416 INFO o.a.j.t.JMeterThread: Thread is done: Thread Group 1-3
2026-04-15 14:42:09,416 INFO o.a.j.t.JMeterThread: Thread finished: Thread Group 1-3
2026-04-15 14:42:09,904 INFO o.a.j.t.JMeterThread: Thread started: Thread Group 1-4
2026-04-15 14:42:09,933 INFO o.a.j.t.JMeterThread: Thread is done: Thread Group 1-4
2026-04-15 14:42:09,933 INFO o.a.j.t.JMeterThread: Thread finished: Thread Group 1-4
2026-04-15 14:42:10,406 INFO o.a.j.t.JMeterThread: Thread started: Thread Group 1-5
2026-04-15 14:42:10,421 INFO o.a.j.t.JMeterThread: Thread is done: Thread Group 1-5
2026-04-15 14:42:10,421 INFO o.a.j.t.JMeterThread: Thread finished: Thread Group 1-5
2026-04-15 14:42:10,903 INFO o.a.j.t.JMeterThread: Thread started: Thread Group 1-6
2026-04-15 14:42:10,914 INFO o.a.j.t.JMeterThread: Thread is done: Thread Group 1-6
2026-04-15 14:42:10,914 INFO o.a.j.t.JMeterThread: Thread finished: Thread Group 1-6
2026-04-15 14:42:11,405 INFO o.a.j.t.JMeterThread: Thread started: Thread Group 1-7
2026-04-15 14:42:11,427 INFO o.a.j.t.JMeterThread: Thread is done: Thread Group 1-7
2026-04-15 14:42:11,427 INFO o.a.j.t.JMeterThread: Thread finished: Thread Group 1-7
2026-04-15 14:42:11,905 INFO o.a.j.t.JMeterThread: Thread started: Thread Group 1-8
2026-04-15 14:42:11,928 INFO o.a.j.t.JMeterThread: Thread is done: Thread Group 1-8
2026-04-15 14:42:11,928 INFO o.a.j.t.JMeterThread: Thread finished: Thread Group 1-8
2026-04-15 14:42:12,401 INFO o.a.j.t.JMeterThread: Thread started: Thread Group 1-9
2026-04-15 14:42:12,413 INFO o.a.j.t.JMeterThread: Thread is done: Thread Group 1-9
2026-04-15 14:42:12,413 INFO o.a.j.t.JMeterThread: Thread finished: Thread Group 1-9
2026-04-15 14:42:12,904 INFO o.a.j.t.JMeterThread: Thread started: Thread Group 1-10
2026-04-15 14:42:12,919 INFO o.a.j.t.JMeterThread: Thread is done: Thread Group 1-10
2026-04-15 14:42:12,919 INFO o.a.j.t.JMeterThread: Thread finished: Thread Group 1-10
2026-04-15 14:42:12,920 INFO o.a.j.e.StandardJMeterEngine: Notifying test listeners of end of test
2026-04-15 14:42:12,920 INFO o.a.j.v.b.BackendListener: Worker ended
2026-04-15 14:42:12,921 INFO o.a.j.v.b.i.InfluxdbBackendListenerClient: Sending last metrics to InfluxDB
2026-04-15 14:42:12,923 INFO o.a.j.v.b.i.HttpMetricsSender: Destroying 
2026-04-15 14:42:12,929 INFO o.a.j.g.u.JMeterMenuBar: setRunning(false, *local*)
2026-04-15 14:42:21,780 INFO o.a.j.e.StandardJMeterEngine: Running the test!
2026-04-15 14:42:21,781 INFO o.a.j.s.SampleEvent: List of sample_variables: []
2026-04-15 14:42:21,783 INFO o.a.j.v.b.BackendListener: Backend Listener: Starting worker with class: class org.apache.jmeter.visualizers.backend.influxdb.InfluxdbBackendListenerClient and queue capacity: 5000
2026-04-15 14:42:21,785 INFO o.a.j.v.b.BackendListener: Backend Listener: Started  worker with class: class org.apache.jmeter.visualizers.backend.influxdb.InfluxdbBackendListenerClient
2026-04-15 14:42:21,789 INFO o.a.j.g.u.JMeterMenuBar: setRunning(true, *local*)
2026-04-15 14:42:21,820 INFO o.a.j.e.StandardJMeterEngine: Starting ThreadGroup: 1 : Thread Group
2026-04-15 14:42:21,820 INFO o.a.j.e.StandardJMeterEngine: Starting 10 threads for group Thread Group.
2026-04-15 14:42:21,820 INFO o.a.j.e.StandardJMeterEngine: Thread will continue on error
2026-04-15 14:42:21,820 INFO o.a.j.t.ThreadGroup: Starting thread group... number=1 threads=10 ramp-up=5 delayedStart=false
2026-04-15 14:42:21,821 INFO o.a.j.t.JMeterThread: Thread started: Thread Group 1-1
2026-04-15 14:42:21,822 INFO o.a.j.t.ThreadGroup: Started thread group number 1
2026-04-15 14:42:21,823 INFO o.a.j.e.StandardJMeterEngine: All thread groups have been started
2026-04-15 14:42:21,844 INFO o.a.j.t.JMeterThread: Thread is done: Thread Group 1-1
2026-04-15 14:42:21,844 INFO o.a.j.t.JMeterThread: Thread finished: Thread Group 1-1
2026-04-15 14:42:22,326 INFO o.a.j.t.JMeterThread: Thread started: Thread Group 1-2
2026-04-15 14:42:22,348 INFO o.a.j.t.JMeterThread: Thread is done: Thread Group 1-2
2026-04-15 14:42:22,349 INFO o.a.j.t.JMeterThread: Thread finished: Thread Group 1-2
2026-04-15 14:42:22,821 INFO o.a.j.t.JMeterThread: Thread started: Thread Group 1-3
2026-04-15 14:42:22,837 INFO o.a.j.t.JMeterThread: Thread is done: Thread Group 1-3
2026-04-15 14:42:22,838 INFO o.a.j.t.JMeterThread: Thread finished: Thread Group 1-3
2026-04-15 14:42:23,325 INFO o.a.j.t.JMeterThread: Thread started: Thread Group 1-4
2026-04-15 14:42:23,346 INFO o.a.j.t.JMeterThread: Thread is done: Thread Group 1-4
2026-04-15 14:42:23,347 INFO o.a.j.t.JMeterThread: Thread finished: Thread Group 1-4
2026-04-15 14:42:23,822 INFO o.a.j.t.JMeterThread: Thread started: Thread Group 1-5
2026-04-15 14:42:23,841 INFO o.a.j.t.JMeterThread: Thread is done: Thread Group 1-5
2026-04-15 14:42:23,842 INFO o.a.j.t.JMeterThread: Thread finished: Thread Group 1-5
2026-04-15 14:42:24,325 INFO o.a.j.t.JMeterThread: Thread started: Thread Group 1-6
2026-04-15 14:42:24,341 INFO o.a.j.t.JMeterThread: Thread is done: Thread Group 1-6
2026-04-15 14:42:24,341 INFO o.a.j.t.JMeterThread: Thread finished: Thread Group 1-6
2026-04-15 14:42:24,823 INFO o.a.j.t.JMeterThread: Thread started: Thread Group 1-7
2026-04-15 14:42:24,832 INFO o.a.j.t.JMeterThread: Thread is done: Thread Group 1-7
2026-04-15 14:42:24,832 INFO o.a.j.t.JMeterThread: Thread finished: Thread Group 1-7
2026-04-15 14:42:25,325 INFO o.a.j.t.JMeterThread: Thread started: Thread Group 1-8
2026-04-15 14:42:25,337 INFO o.a.j.t.JMeterThread: Thread is done: Thread Group 1-8
2026-04-15 14:42:25,337 INFO o.a.j.t.JMeterThread: Thread finished: Thread Group 1-8
2026-04-15 14:42:25,825 INFO o.a.j.t.JMeterThread: Thread started: Thread Group 1-9
2026-04-15 14:42:25,848 INFO o.a.j.t.JMeterThread: Thread is done: Thread Group 1-9
2026-04-15 14:42:25,848 INFO o.a.j.t.JMeterThread: Thread finished: Thread Group 1-9
2026-04-15 14:42:26,325 INFO o.a.j.t.JMeterThread: Thread started: Thread Group 1-10
2026-04-15 14:42:26,341 INFO o.a.j.t.JMeterThread: Thread is done: Thread Group 1-10
2026-04-15 14:42:26,341 INFO o.a.j.t.JMeterThread: Thread finished: Thread Group 1-10
2026-04-15 14:42:26,342 INFO o.a.j.e.StandardJMeterEngine: Notifying test listeners of end of test
2026-04-15 14:42:26,342 INFO o.a.j.v.b.BackendListener: Worker ended
2026-04-15 14:42:26,344 INFO o.a.j.v.b.i.InfluxdbBackendListenerClient: Sending last metrics to InfluxDB
2026-04-15 14:42:26,345 INFO o.a.j.v.b.i.HttpMetricsSender: Destroying 
2026-04-15 14:42:26,351 INFO o.a.j.g.u.JMeterMenuBar: setRunning(false, *local*)
